mycute-dark-light.svg
mycute-256.png
mycute-dark-256.png
aic-logo-black.png
mycute-dark-light-256.png
mycute.png
mycute-black-512.png
mycute-rounded-128.png
mycute-rounded-512.png
mycute-white.svg
mycute-black-128.png
mycute-wrapped.png
mycute-white.png
mycute.svg
mycute-wrapped-256.png
mycute-wrapped-256-light-grey-back.png
aic-logo-white.png
mycute-wrapped-128.png
mycute-dark.svg
mycute-wrapped-64.png
mycute-black.svg
mycute-128.png
mycute-dark-512.png
mycute-wrapped-256-white-back.png
mycute-512.png
mycute-dark-128.png
mycute-dark-light-128.png
mycute-rounded-256.png
mycute-wrapped-256-dark-back.png
mycute-dark-light-512.png
mycute-black-256.png
capture/01.png
capture/02.png
capture/06.png
capture/13.png
capture/07.png
capture/11.png
capture/05.png
capture/04.png
capture/10.png
capture/09.png
capture/08.png
capture/merii/01.png
capture/merii/02.png
capture/merii/04.png