mycute-dark-light.svg
mycute-256.png
mycute-dark-256.png
aic-logo-black.png
mycute-dark-light-256.png
mycute.png
mycute-black-512.png
mycute-rounded-128.png
mycute-rounded-512.png
mycute-white.svg
mycute-black-128.png
mycute-wrapped.png
mycute-white.png
mycute.svg
mycute-wrapped-256.png
mycute-wrapped-256-light-grey-back.png
aic-logo-white.png
mycute-wrapped-128.png
mycute-dark.svg
mycute-wrapped-64.png
mycute-black.svg
mycute-128.png
mycute-dark-512.png
mycute-wrapped-256-white-back.png
mycute-512.png
mycute-dark-128.png
mycute-dark-light-128.png
mycute-rounded-256.png
mycute-wrapped-256-dark-back.png
mycute-dark-light-512.png
mycute-black-256.png
capture/06.png
capture/04.png
capture/09.png
capture/merii/04.png
neco-asovi/neco-asovi-grey-m-256w.png
neco-asovi/neco-asovi-black-white-m-512w.png
neco-asovi/neco-asovi-grey-white-h-512w.png
neco-asovi/neco-asovi-navy-t-512w.png
neco-asovi/neco-asovi-navy-256w.png
neco-asovi/neco-asovi-grey-white-256w.png
neco-asovi/neco-asovi-grey-white-h-768w.png
neco-asovi/neco-asovi-navy-t-768w.png
neco-asovi/neco-asovi-navy-white-h-512w.png
neco-asovi/neco-asovi-black-256w.png
neco-asovi/neco-asovi-navy-white-h-768w.png
neco-asovi/neco-asovi-navy-m-256w.png
neco-asovi/neco-asovi-grey-256w.png
neco-asovi/neco-asovi-navy-white-512w.png
neco-asovi/neco-asovi-grey-t-512w.png
neco-asovi/neco-asovi-white-m-512w.png
neco-asovi/neco-asovi-black-m-512w.png
neco-asovi/neco-asovi-grey-t-768w.png
neco-asovi/neco-asovi-navy-m-512w.png
neco-asovi/neco-asovi-black-512w.png
neco-asovi/neco-asovi-black-white-t-512w.png
neco-asovi/neco-asovi-grey-512w.png
neco-asovi/neco-asovi-navy-white-256w.png
neco-asovi/neco-asovi-black-white-t-768w.png
neco-asovi/neco-asovi-black-m-256w.png
neco-asovi/neco-asovi-white-m-256w.png
neco-asovi/neco-asovi-white-t-512w.png
neco-asovi/neco-asovi-black-t-768w.png
neco-asovi/neco-asovi-grey-m-512w.png
neco-asovi/neco-asovi-black-t-512w.png
neco-asovi/neco-asovi-white-t-768w.png
neco-asovi/neco-asovi-white-grey-h-768w.png
neco-asovi/neco-asovi-white-grey-h-512w.png
neco-asovi/neco-asovi-black-white-m-256w.png
neco-asovi/neco-asovi-icon01.png
neco-asovi/neco-asovi-navy-512w.png
neco-asovi/neco-asovi-grey-white-512w.png
neco-asovi/neco-asovi-black-white-512w.png
neco-asovi/naco-asovi.svg
neco-asovi/neco-asovi-grey-white-t-512w.png
neco-asovi/neco-asovi-navy-h-512w.png
neco-asovi/neco-asovi-navy-white-m-256w.png
neco-asovi/neco-asovi-grey-white-t-768w.png
neco-asovi/neco-asovi-navy-h-768w.png
neco-asovi/neco-asovi-white-256w.png
neco-asovi/neco-asovi-navy-white-t-512w.png
neco-asovi/egg-color.svg
neco-asovi/neco-asovi-navy-white-t-768w.png
neco-asovi/neco-asovi-grey-white-m-256w.png
neco-asovi/neco-asovi-white-grey-256w.png
neco-asovi/neco-asovi-grey-h-512w.png
neco-asovi/neco-asovi-grey-h-768w.png
neco-asovi/neco-asovi-white-grey-m-512w.png
neco-asovi/neco-asovi-white-512w.png
neco-asovi/neco-asovi-grey-white-m-512w.png
neco-asovi/neco-asovi-white-grey-512w.png
neco-asovi/neco-asovi-white-grey-m-256w.png
neco-asovi/neco-asovi-black-white-h-512w.png
neco-asovi/neco-asovi-black-white-h-768w.png
neco-asovi/neco-asovi-white-grey-t-768w.png
neco-asovi/neco-asovi-black-white-256w.png
neco-asovi/neco-asovi-white-grey-t-512w.png
neco-asovi/neco-asovi-white-h-512w.png
neco-asovi/neco-asovi-black-h-768w.png
neco-asovi/neco-asovi-black-h-512w.png
neco-asovi/neco-asovi-white-h-768w.png
neco-asovi/neco-asovi-navy-white-m-512w.png
neco-asovi/large/neco-asovi-white-h.png
neco-asovi/large/neco-asovi-white-grey-t.png
neco-asovi/large/neco-asovi-black.png
neco-asovi/large/neco-asovi-black-white.png
neco-asovi/large/neco-asovi-navy.png
neco-asovi/large/neco-asovi-white-m.png
neco-asovi/large/neco-asovi-grey-white-t.png
neco-asovi/large/neco-asovi-navy-m.png
neco-asovi/large/neco-asovi-white-grey.png
neco-asovi/large/neco-asovi-grey.png
neco-asovi/large/neco-asovi-navy-white-h.png
neco-asovi/large/neco-asovi-black-white-m.png
neco-asovi/large/neco-asovi-black-t.png
neco-asovi/large/neco-asovi-grey-t.png
neco-asovi/large/neco-asovi-navy-white-m.png
neco-asovi/large/neco-asovi-grey-white.png
neco-asovi/large/neco-asovi-black-white-h.png
neco-asovi/large/neco-asovi-navy-h.png
neco-asovi/large/neco-asovi-navy-white-t.png
neco-asovi/large/neco-asovi-grey-m.png
neco-asovi/large/neco-asovi-black-m.png
neco-asovi/large/neco-asovi-white.png
neco-asovi/large/neco-asovi-navy-t.png
neco-asovi/large/neco-asovi-black-white-t.png
neco-asovi/large/neco-asovi-grey-h.png
neco-asovi/large/neco-asovi-black-h.png
neco-asovi/large/neco-asovi-white-grey-h.png
neco-asovi/large/neco-asovi-grey-white-m.png
neco-asovi/large/neco-asovi-white-t.png
neco-asovi/large/neco-asovi-grey-white-h.png
neco-asovi/large/neco-asovi-navy-white.png
neco-asovi/large/neco-asovi-white-grey-m.png